Archive member included to satisfy reference by file (symbol)

C:\Users\vivek\Documents\MCUXpressoIDE_10.2.1_795\workspace\CMSIS_CORE_LPC17xx\Debug\libCMSIS_CORE_LPC17xx.a(system_LPC17xx.o)
                              ./src/cr_startup_lpc175x_6x.o (SystemInit)
c:/nxp/mcuxpressoide_10.2.1_795/ide/tools/bin/../lib/gcc/arm-none-eabi/7.2.1/../../../../arm-none-eabi/lib/thumb/v7-m\libcr_semihost.a(_cr__main.o)
                              ./src/cr_startup_lpc175x_6x.o (__main)
c:/nxp/mcuxpressoide_10.2.1_795/ide/tools/bin/../lib/gcc/arm-none-eabi/7.2.1/../../../../arm-none-eabi/lib/thumb/v7-m\libcr_c.a(cos.o)
                              ./src/2d_graphics.o (cos)
c:/nxp/mcuxpressoide_10.2.1_795/ide/tools/bin/../lib/gcc/arm-none-eabi/7.2.1/../../../../arm-none-eabi/lib/thumb/v7-m\libcr_c.a(cr_time.o)
                              ./src/2d_graphics.o (time)
c:/nxp/mcuxpressoide_10.2.1_795/ide/tools/bin/../lib/gcc/arm-none-eabi/7.2.1/../../../../arm-none-eabi/lib/thumb/v7-m\libcr_c.a(floor.o)
                              ./src/2d_graphics.o (floor)
c:/nxp/mcuxpressoide_10.2.1_795/ide/tools/bin/../lib/gcc/arm-none-eabi/7.2.1/../../../../arm-none-eabi/lib/thumb/v7-m\libcr_c.a(fpprintf.o)
                              ./src/lcd_utils.o (printf)
c:/nxp/mcuxpressoide_10.2.1_795/ide/tools/bin/../lib/gcc/arm-none-eabi/7.2.1/../../../../arm-none-eabi/lib/thumb/v7-m\libcr_c.a(initio.o)
                              c:/nxp/mcuxpressoide_10.2.1_795/ide/tools/bin/../lib/gcc/arm-none-eabi/7.2.1/../../../../arm-none-eabi/lib/thumb/v7-m\libcr_semihost.a(_cr__main.o) (_initio)
c:/nxp/mcuxpressoide_10.2.1_795/ide/tools/bin/../lib/gcc/arm-none-eabi/7.2.1/../../../../arm-none-eabi/lib/thumb/v7-m\libcr_c.a(pow.o)
                              ./src/3d_graphics.o (pow)
c:/nxp/mcuxpressoide_10.2.1_795/ide/tools/bin/../lib/gcc/arm-none-eabi/7.2.1/../../../../arm-none-eabi/lib/thumb/v7-m\libcr_c.a(printf.o)
                              c:/nxp/mcuxpressoide_10.2.1_795/ide/tools/bin/../lib/gcc/arm-none-eabi/7.2.1/../../../../arm-none-eabi/lib/thumb/v7-m\libcr_c.a(fpprintf.o) (__vfprintf)
c:/nxp/mcuxpressoide_10.2.1_795/ide/tools/bin/../lib/gcc/arm-none-eabi/7.2.1/../../../../arm-none-eabi/lib/thumb/v7-m\libcr_c.a(puts.o)
                              ./src/main.o (puts)
c:/nxp/mcuxpressoide_10.2.1_795/ide/tools/bin/../lib/gcc/arm-none-eabi/7.2.1/../../../../arm-none-eabi/lib/thumb/v7-m\libcr_c.a(setvbuf.o)
                              c:/nxp/mcuxpressoide_10.2.1_795/ide/tools/bin/../lib/gcc/arm-none-eabi/7.2.1/../../../../arm-none-eabi/lib/thumb/v7-m\libcr_c.a(initio.o) (setvbuf)
c:/nxp/mcuxpressoide_10.2.1_795/ide/tools/bin/../lib/gcc/arm-none-eabi/7.2.1/../../../../arm-none-eabi/lib/thumb/v7-m\libcr_c.a(sin.o)
                              ./src/2d_graphics.o (sin)
c:/nxp/mcuxpressoide_10.2.1_795/ide/tools/bin/../lib/gcc/arm-none-eabi/7.2.1/../../../../arm-none-eabi/lib/thumb/v7-m\libcr_c.a(sqrt.o)
                              ./src/3d_conv.o (sqrt)
c:/nxp/mcuxpressoide_10.2.1_795/ide/tools/bin/../lib/gcc/arm-none-eabi/7.2.1/../../../../arm-none-eabi/lib/thumb/v7-m\libcr_c.a(stdlib.o)
                              ./src/2d_graphics.o (rand)
c:/nxp/mcuxpressoide_10.2.1_795/ide/tools/bin/../lib/gcc/arm-none-eabi/7.2.1/../../../../arm-none-eabi/lib/thumb/v7-m\libcr_c.a(strlen.o)
                              c:/nxp/mcuxpressoide_10.2.1_795/ide/tools/bin/../lib/gcc/arm-none-eabi/7.2.1/../../../../arm-none-eabi/lib/thumb/v7-m\libcr_c.a(printf.o) (strlen)
c:/nxp/mcuxpressoide_10.2.1_795/ide/tools/bin/../lib/gcc/arm-none-eabi/7.2.1/../../../../arm-none-eabi/lib/thumb/v7-m\libcr_c.a(memset.o)
                              c:/nxp/mcuxpressoide_10.2.1_795/ide/tools/bin/../lib/gcc/arm-none-eabi/7.2.1/../../../../arm-none-eabi/lib/thumb/v7-m\libcr_c.a(fpprintf.o) (memset)
c:/nxp/mcuxpressoide_10.2.1_795/ide/tools/bin/../lib/gcc/arm-none-eabi/7.2.1/../../../../arm-none-eabi/lib/thumb/v7-m\libcr_c.a(_deferredlazyseek.o)
                              c:/nxp/mcuxpressoide_10.2.1_795/ide/tools/bin/../lib/gcc/arm-none-eabi/7.2.1/../../../../arm-none-eabi/lib/thumb/v7-m\libcr_c.a(fpprintf.o) (__flsbuf)
c:/nxp/mcuxpressoide_10.2.1_795/ide/tools/bin/../lib/gcc/arm-none-eabi/7.2.1/../../../../arm-none-eabi/lib/thumb/v7-m\libcr_c.a(_fdopen.o)
                              c:/nxp/mcuxpressoide_10.2.1_795/ide/tools/bin/../lib/gcc/arm-none-eabi/7.2.1/../../../../arm-none-eabi/lib/thumb/v7-m\libcr_c.a(initio.o) (_fdopen)
c:/nxp/mcuxpressoide_10.2.1_795/ide/tools/bin/../lib/gcc/arm-none-eabi/7.2.1/../../../../arm-none-eabi/lib/thumb/v7-m\libcr_c.a(_fflush.o)
                              c:/nxp/mcuxpressoide_10.2.1_795/ide/tools/bin/../lib/gcc/arm-none-eabi/7.2.1/../../../../arm-none-eabi/lib/thumb/v7-m\libcr_c.a(_deferredlazyseek.o) (_fflush)
c:/nxp/mcuxpressoide_10.2.1_795/ide/tools/bin/../lib/gcc/arm-none-eabi/7.2.1/../../../../arm-none-eabi/lib/thumb/v7-m\libcr_c.a(_frexpl.o)
[...]
Memory Configuration

Name             Origin             Length             Attributes
MFlash512        0x00000000         0x00080000         xr
RamLoc32         0x10000000         0x00008000         xrw
RamAHB32         0x2007c000         0x00008000         xrw
*default*        0x00000000         0xffffffff

Linker script and memory map

LOAD ./src/2d_graphics.o
LOAD ./src/3d_conv.o
LOAD ./src/3d_graphics.o
LOAD ./src/coord.o
LOAD ./src/cr_startup_lpc175x_6x.o
LOAD ./src/crp.o
LOAD ./src/lcd_utils.o
LOAD ./src/main.o
LOAD ./src/ssp.o
LOAD C:\Users\vivek\Documents\MCUXpressoIDE_10.2.1_795\workspace\CMSIS_CORE_LPC17xx\Debug\libCMSIS_CORE_LPC17xx.a
START GROUP
LOAD c:/nxp/mcuxpressoide_10.2.1_795/ide/tools/bin/../lib/gcc/arm-none-eabi/7.2.1/../../../../arm-none-eabi/lib/thumb/v7-m\libcr_semihost.a
LOAD c:/nxp/mcuxpressoide_10.2.1_795/ide/tools/bin/../lib/gcc/arm-none-eabi/7.2.1/../../../../arm-none-eabi/lib/thumb/v7-m\libcr_c.a
LOAD c:/nxp/mcuxpressoide_10.2.1_795/ide/tools/bin/../lib/gcc/arm-none-eabi/7.2.1/thumb/v7-m\libcr_eabihelpers.a
END GROUP
                0x00000000                __base_MFlash512 = 0x0
                0x00000000                __base_Flash = 0x0
                0x00080000                __top_MFlash512 = 0x80000
                0x00080000                __top_Flash = 0x80000
                0x10000000                __base_RamLoc32 = 0x10000000
                0x10000000                __base_RAM = 0x10000000
                0x10008000                __top_RamLoc32 = 0x10008000
                0x10008000                __top_RAM = 0x10008000
                0x2007c000                __base_RamAHB32 = 0x2007c000
                0x2007c000                __base_RAM2 = 0x2007c000
                0x20084000                __top_RamAHB32 = 0x20084000
                0x20084000                __top_RAM2 = 0x20084000

.text           0x00000000     0x79bc
 FILL mask 0xff
                0x00000000                __vectors_start__ = ABSOLUTE (.)
 *(.isr_vector)
 .isr_vector    0x00000000       0xcc ./src/cr_startup_lpc175x_6x.o
                0x00000000                g_pfnVectors
                0x000000cc                . = ALIGN (0x4)
                0x000000cc                __section_table_start = .
                0x000000cc                __data_section_table = .
                0x000000cc        0x4 LONG 0x79bc LOADADDR (.data)
                0x000000d0        0x4 LONG 0x10000000 ADDR (.data)
                0x000000d4        0x4 LONG 0x434 SIZEOF (.data)
                0x000000d8        0x4 LONG 0x79bc LOADADDR (.data_RAM2)
                0x000000dc        0x4 LONG 0x2007c000 ADDR (.data_RAM2)
                0x000000e0        0x4 LONG 0x0 SIZEOF (.data_RAM2)
                0x000000e4                __data_section_table_end = .
                0x000000e4                __bss_section_table = .
                0x000000e4        0x4 LONG 0x10000434 ADDR (.bss)
                0x000000e8        0x4 LONG 0x6ec SIZEOF (.bss)
                0x000000ec        0x4 LONG 0x2007c000 ADDR (.bss_RAM2)
                0x000000f0        0x4 LONG 0x0 SIZEOF (.bss_RAM2)
                0x000000f4                __bss_section_table_end = .
                0x000000f4                __section_table_end = .
 *(.after_vectors*)
 .after_vectors
                0x000000f4      0x12c ./src/cr_startup_lpc175x_6x.o
                0x000000f4                data_init
                0x00000136                bss_init
                0x0000016c                ResetISR
                0x000001e4                NMI_Handler
                0x000001ea                HardFault_Handler
                0x000001f0                MemManage_Handler
                0x000001f6                BusFault_Handler
                0x000001fc                UsageFault_Handler
                0x00000202                SVC_Handler
                0x00000208                DebugMon_Handler
                0x0000020e                PendSV_Handler
                0x00000214                SysTick_Handler
                0x0000021a                EINT3_IRQHandler
                0x0000021a                CANActivity_IRQHandler
                0x0000021a                TIMER3_IRQHandler
                0x0000021a                UART0_IRQHandler
                0x0000021a                UART1_IRQHandler
                0x0000021a                EINT2_IRQHandler
                0x0000021a                USBActivity_IRQHandler
                0x0000021a                IntDefaultHandler
                0x0000021a                I2C0_IRQHandler
                0x0000021a                I2C1_IRQHandler
                0x0000021a                PLL1_IRQHandler
                0x0000021a                I2S_IRQHandler
                0x0000021a                I2C2_IRQHandler
                0x0000021a                RTC_IRQHandler
                0x0000021a                TIMER0_IRQHandler
                0x0000021a                SPI_IRQHandler
                0x0000021a                RIT_IRQHandler
                0x0000021a                EINT1_IRQHandler
                0x0000021a                TIMER1_IRQHandler
                0x0000021a                UART2_IRQHandler
                0x0000021a                ADC_IRQHandler
                0x0000021a                USB_IRQHandler
                0x0000021a                BOD_IRQHandler
                0x0000021a                CAN_IRQHandler
                0x0000021a                WDT_IRQHandler
                0x0000021a                PWM1_IRQHandler
                0x0000021a                QEI_IRQHandler
                0x0000021a                EINT0_IRQHandler
                0x0000021a                PLL0_IRQHandler
                0x0000021a                DMA_IRQHandler
                0x0000021a                TIMER2_IRQHandler
                0x0000021a                UART3_IRQHandler
                0x0000021a                MCPWM_IRQHandler
                0x0000021a                ENET_IRQHandler
                0x000002fc                . = 0x2fc
 *fill*         0x00000220       0xdc ff
                0x000002fc                PROVIDE (__CRP_WORD_START__, .)
 *(.crp)
 .crp           0x000002fc        0x4 ./src/crp.o
                0x000002fc                CRP_WORD
                0x00000300                PROVIDE (__CRP_WORD_END__, .)
                0x00000001                ASSERT (! ((__CRP_WORD_START__ == __CRP_WORD_END__)), Linker CRP Enabled, but no CRP_WORD provided within application)
 *(.text*)
 .text.get_leaf_colour
                0x00000300       0x98 ./src/2d_graphics.o
                0x00000300                get_leaf_colour
 .text.draw_trees
                0x00000398      0xc10 ./src/2d_graphics.o
                0x00000398                draw_trees
 .text.drawSquare
                0x00000fa8       0x56 ./src/2d_graphics.o
                0x00000fa8                drawSquare
 *fill*         0x00000ffe        0x2 ff
 .text.drawShrinkingSquares
                0x00001000      0x288 ./src/2d_graphics.o
                0x00001000                drawShrinkingSquares
 .text.FillshrinkingSquares
                0x00001288       0xe8 ./src/2d_graphics.o
                0x00001288                FillshrinkingSquares
 .text.world_to_viewer_coord
                0x00001370      0x330 ./src/3d_conv.o
                0x00001370                world_to_viewer_coord
 .text.viewer_to_2d_coord
                0x000016a0       0x70 ./src/3d_conv.o
                0x000016a0                viewer_to_2d_coord
 .text.get_2d_from_3d
                0x00001710       0x36 ./src/3d_conv.o
                0x00001710                get_2d_from_3d
 *fill*         0x00001746        0x2 ff
 .text.all3Dto2D
                0x00001748       0x78 ./src/3d_graphics.o
                0x00001748                all3Dto2D
 .text.allVirtualtoNative
                0x000017c0       0x88 ./src/3d_graphics.o
                0x000017c0                allVirtualtoNative
 .text.rotateAndScaleCube
                0x00001848      0x9e8 ./src/3d_graphics.o
                0x00001848                rotateAndScaleCube
 .text.drawShadow
                0x00002230      0x2d0 ./src/3d_graphics.o
                0x00002230                drawShadow
 .text.drawCube
                0x00002500      0xca0 ./src/3d_graphics.o
                0x00002500                drawCube
 .text.drawInitial
                0x000031a0       0x6c ./src/3d_graphics.o
                0x000031a0                drawInitial
 .text.display3Dgraphics
                0x0000320c      0x4b4 ./src/3d_graphics.o
                0x0000320c                display3Dgraphics
 .text.virtualToNativeCoord
                0x000036c0       0x4a ./src/coord.o
                0x000036c0                virtualToNativeCoord
 *fill*         0x0000370a        0x2 ff
 .text.spiwrite
                0x0000370c       0x40 ./src/lcd_utils.o
                0x0000370c                spiwrite
 .text.writecommand
                0x0000374c       0x2c ./src/lcd_utils.o
                0x0000374c                writecommand
 .text.writedata
                0x00003778       0x2c ./src/lcd_utils.o
                0x00003778                writedata
 .text.writeword
                0x000037a4       0x2e ./src/lcd_utils.o
                0x000037a4                writeword
 .text.write888
                0x000037d2       0x4e ./src/lcd_utils.o
                0x000037d2                write888
 .text.setAddrWindow
                0x00003820       0x52 ./src/lcd_utils.o
                0x00003820                setAddrWindow
 .text.fillrect
                0x00003872       0x68 ./src/lcd_utils.o
                0x00003872                fillrect
 .text.lcddelay
                0x000038da       0x2e ./src/lcd_utils.o
                0x000038da                lcddelay
 .text.lcd_init
                0x00003908       0xcc ./src/lcd_utils.o
                0x00003908                lcd_init
 .text.drawPixel
                0x000039d4       0x6c ./src/lcd_utils.o
                0x000039d4                drawPixel
 .text.drawLine
                0x00003a40      0x18e ./src/lcd_utils.o
                0x00003a40                drawLine
 .text.drawLineWithPoint
                0x00003bce      0x20a ./src/lcd_utils.o
                0x00003bce                drawLineWithPoint
 .text.generate_random_in_range
                0x00003dd8       0x2e ./src/main.o
                0x00003dd8                generate_random_in_range
 *fill*         0x00003e06        0x2 ff
 .text.main     0x00003e08       0x8c ./src/main.o
                0x00003e08                main
 .text.NVIC_EnableIRQ
                0x00003e94       0x30 ./src/ssp.o
 .text.SSP0_IRQHandler
                0x00003ec4       0x70 ./src/ssp.o
                0x00003ec4                SSP0_IRQHandler
 .text.SSP1_IRQHandler
                0x00003f34       0x70 ./src/ssp.o
                0x00003f34                SSP1_IRQHandler
 .text.SSP_SSELToggle
                0x00003fa4       0x68 ./src/ssp.o
                0x00003fa4                SSP_SSELToggle
 .text.SSP0Init
                0x0000400c       0xc0 ./src/ssp.o
                0x0000400c                SSP0Init
 .text.SSPSend  0x000040cc       0xa0 ./src/ssp.o
                0x000040cc                SSPSend
 .text.SystemInit
                0x0000416c       0xdc C:\Users\vivek\Documents\MCUXpressoIDE_10.2.1_795\workspace\CMSIS_CORE_LPC17xx\Debug\libCMSIS_CORE_LPC17xx.a(system_LPC17xx.o)
                0x0000416c                SystemInit
 .text.__main   0x00004248        0xe c:/nxp/mcuxpressoide_10.2.1_795/ide/tools/bin/../lib/gcc/arm-none-eabi/7.2.1/../../../../arm-none-eabi/lib/thumb/v7-m\libcr_semihost.a(_cr__main.o)
                0x00004248                __CR_SEMIHOST
                0x00004248                __main
 *fill*         0x00004256        0x2 ff
 .text.cos      0x00004258       0x60 c:/nxp/mcuxpressoide_10.2.1_795/ide/tools/bin/../lib/gcc/arm-none-eabi/7.2.1/../../../../arm-none-eabi/lib/thumb/v7-m\libcr_c.a(cos.o)
                0x00004258                cos
 .text.time     0x000042b8        0xe c:/nxp/mcuxpressoide_10.2.1_795/ide/tools/bin/../lib/gcc/arm-none-eabi/7.2.1/../../../../arm-none-eabi/lib/thumb/v7-m\libcr_c.a(cr_time.o)
                0x000042b8                time
 *fill*         0x000042c6        0x2 ff
 .text.floor    0x000042c8       0x94 c:/nxp/mcuxpressoide_10.2.1_795/ide/tools/bin/../lib/gcc/arm-none-eabi/7.2.1/../../../../arm-none-eabi/lib/thumb/v7-m\libcr_c.a(floor.o)
                0x000042c8                floor
 .text.fp_round
                0x0000435c       0x4c c:/nxp/mcuxpressoide_10.2.1_795/ide/tools/bin/../lib/gcc/arm-none-eabi/7.2.1/../../../../arm-none-eabi/lib/thumb/v7-m\libcr_c.a(fpprintf.o)
 .text.pr_dec.constprop.1
                0x000043a8       0x26 c:/nxp/mcuxpressoide_10.2.1_795/ide/tools/bin/../lib/gcc/arm-none-eabi/7.2.1/../../../../arm-none-eabi/lib/thumb/v7-m\libcr_c.a(fpprintf.o)
 *fill*         0x000043ce        0x2 ff
 .text.sprintf  0x000043d0       0x6c c:/nxp/mcuxpressoide_10.2.1_795/ide/tools/bin/../lib/gcc/arm-none-eabi/7.2.1/../../../../arm-none-eabi/lib/thumb/v7-m\libcr_c.a(fpprintf.o)
                0x000043d0                sprintf
 *fill*         0x0000443c        0x4 ff
 .text.fp_display
                0x00004440      0x96c c:/nxp/mcuxpressoide_10.2.1_795/ide/tools/bin/../lib/gcc/arm-none-eabi/7.2.1/../../../../arm-none-eabi/lib/thumb/v7-m\libcr_c.a(fpprintf.o)
 .text.vsnprintf
                0x00004dac       0x5c c:/nxp/mcuxpressoide_10.2.1_795/ide/tools/bin/../lib/gcc/arm-none-eabi/7.2.1/../../../../arm-none-eabi/lib/thumb/v7-m\libcr_c.a(fpprintf.o)
                0x00004dac                vsnprintf
 .text.printf   0x00004e08       0x54 c:/nxp/mcuxpressoide_10.2.1_795/ide/tools/bin/../lib/gcc/arm-none-eabi/7.2.1/../../../../arm-none-eabi/lib/thumb/v7-m\libcr_c.a(fpprintf.o)
                0x00004e08                printf
 .text._initio  0x00004e5c       0x78 c:/nxp/mcuxpressoide_10.2.1_795/ide/tools/bin/../lib/gcc/arm-none-eabi/7.2.1/../../../../arm-none-eabi/lib/thumb/v7-m\libcr_c.a(initio.o)
                0x00004e5c                _initio
 *fill*         0x00004ed4        0x4 ff
 .text.pow      0x00004ed8      0x544 c:/nxp/mcuxpressoide_10.2.1_795/ide/tools/bin/../lib/gcc/arm-none-eabi/7.2.1/../../../../arm-none-eabi/lib/thumb/v7-m\libcr_c.a(pow.o)
                0x00004ed8                pow
 .text.__vfprintf
                0x0000541c      0xb98 c:/nxp/mcuxpressoide_10.2.1_795/ide/tools/bin/../lib/gcc/arm-none-eabi/7.2.1/../../../../arm-none-eabi/lib/thumb/v7-m\libcr_c.a(printf.o)
                0x0000541c                __vfprintf
 .text.puts     0x00005fb4       0x34 c:/nxp/mcuxpressoide_10.2.1_795/ide/tools/bin/../lib/gcc/arm-none-eabi/7.2.1/../../../../arm-none-eabi/lib/thumb/v7-m\libcr_c.a(puts.o)
                0x00005fb4                puts
 .text.setvbuf  0x00005fe8       0x40 c:/nxp/mcuxpressoide_10.2.1_795/ide/tools/bin/../lib/gcc/arm-none-eabi/7.2.1/../../../../arm-none-eabi/lib/thumb/v7-m\libcr_c.a(setvbuf.o)
                0x00005fe8                setvbuf
 .text.sin      0x00006028       0x34 c:/nxp/mcuxpressoide_10.2.1_795/ide/tools/bin/../lib/gcc/arm-none-eabi/7.2.1/../../../../arm-none-eabi/lib/thumb/v7-m\libcr_c.a(sin.o)
                0x00006028                sin
 *fill*         0x0000605c        0x4 ff
 .text.sqrt     0x00006060      0x114 c:/nxp/mcuxpressoide_10.2.1_795/ide/tools/bin/../lib/gcc/arm-none-eabi/7.2.1/../../../../arm-none-eabi/lib/thumb/v7-m\libcr_c.a(sqrt.o)
                0x00006060                sqrt
 .text.rand     0x00006174       0x3c c:/nxp/mcuxpressoide_10.2.1_795/ide/tools/bin/../lib/gcc/arm-none-eabi/7.2.1/../../../../arm-none-eabi/lib/thumb/v7-m\libcr_c.a(stdlib.o)
                0x00006174                rand
 .text.srand    0x000061b0       0x40 c:/nxp/mcuxpressoide_10.2.1_795/ide/tools/bin/../lib/gcc/arm-none-eabi/7.2.1/../../../../arm-none-eabi/lib/thumb/v7-m\libcr_c.a(stdlib.o)
                0x000061b0                srand
 .text.abs      0x000061f0        0x8 c:/nxp/mcuxpressoide_10.2.1_795/ide/tools/bin/../lib/gcc/arm-none-eabi/7.2.1/../../../../arm-none-eabi/lib/thumb/v7-m\libcr_c.a(stdlib.o)
                0x000061f0                abs
 .text.strlen   0x000061f8       0x4a c:/nxp/mcuxpressoide_10.2.1_795/ide/tools/bin/../lib/gcc/arm-none-eabi/7.2.1/../../../../arm-none-eabi/lib/thumb/v7-m\libcr_c.a(strlen.o)
                0x000061f8                strlen
 .text.memset   0x00006242        0x4 c:/nxp/mcuxpressoide_10.2.1_795/ide/tools/bin/../lib/gcc/arm-none-eabi/7.2.1/../../../../arm-none-eabi/lib/thumb/v7-m\libcr_c.a(memset.o)
                0x00006242                memset
 .text._deferredlazyseek
                0x00006246       0x40 c:/nxp/mcuxpressoide_10.2.1_795/ide/tools/bin/../lib/gcc/arm-none-eabi/7.2.1/../../../../arm-none-eabi/lib/thumb/v7-m\libcr_c.a(_deferredlazyseek.o)
                0x00006246                _deferredlazyseek
 .text.__flsbuf
                0x00006286      0x140 c:/nxp/mcuxpressoide_10.2.1_795/ide/tools/bin/../lib/gcc/arm-none-eabi/7.2.1/../../../../arm-none-eabi/lib/thumb/v7-m\libcr_c.a(_deferredlazyseek.o)
                0x00006286                __flsbuf
 .text._fdopen  0x000063c6       0x68 c:/nxp/mcuxpressoide_10.2.1_795/ide/tools/bin/../lib/gcc/arm-none-eabi/7.2.1/../../../../arm-none-eabi/lib/thumb/v7-m\libcr_c.a(_fdopen.o)
                0x000063c6                _fdopen
 .text._fflush  0x0000642e       0x52 c:/nxp/mcuxpressoide_10.2.1_795/ide/tools/bin/../lib/gcc/arm-none-eabi/7.2.1/../../../../arm-none-eabi/lib/thumb/v7-m\libcr_c.a(_fflush.o)
                0x0000642e                _fflush
 .text._frexpl  0x00006480       0x56 c:/nxp/mcuxpressoide_10.2.1_795/ide/tools/bin/../lib/gcc/arm-none-eabi/7.2.1/../../../../arm-none-eabi/lib/thumb/v7-m\libcr_c.a(_frexpl.o)
                0x00006480                _frexpl
 *fill*         0x000064d6        0x2 ff
 .text._ldexpl  0x000064d8       0x4c c:/nxp/mcuxpressoide_10.2.1_795/ide/tools/bin/../lib/gcc/arm-none-eabi/7.2.1/../../../../arm-none-eabi/lib/thumb/v7-m\libcr_c.a(_ldexpl.o)
                0x000064d8                _ldexpl
 *fill*         0x00006524        0x4 ff
 .text._sincos  0x00006528      0x1fc c:/nxp/mcuxpressoide_10.2.1_795/ide/tools/bin/../lib/gcc/arm-none-eabi/7.2.1/../../../../arm-none-eabi/lib/thumb/v7-m\libcr_c.a(_sincos.o)
                0x00006528                _sincos
 .text._Cwritebuf
                0x00006724       0x6c c:/nxp/mcuxpressoide_10.2.1_795/ide/tools/bin/../lib/gcc/arm-none-eabi/7.2.1/../../../../arm-none-eabi/lib/thumb/v7-m\libcr_c.a(_writebuf.o)
                0x00006724                _Cwritebuf
 .text.malloc   0x00006790       0xc8 c:/nxp/mcuxpressoide_10.2.1_795/ide/tools/bin/../lib/gcc/arm-none-eabi/7.2.1/../../../../arm-none-eabi/lib/thumb/v7-m\libcr_c.a(alloc.o)
                0x00006790                malloc
 .text.free     0x00006858       0x30 c:/nxp/mcuxpressoide_10.2.1_795/ide/tools/bin/../lib/gcc/arm-none-eabi/7.2.1/../../../../arm-none-eabi/lib/thumb/v7-m\libcr_c.a(alloc.o)
                0x00006858                free
 .text._Csys_alloc
                0x00006888       0x20 c:/nxp/mcuxpressoide_10.2.1_795/ide/tools/bin/../lib/gcc/arm-none-eabi/7.2.1/../../../../arm-none-eabi/lib/thumb/v7-m\libcr_c.a(alloc.o)
                0x00006888                _Csys_alloc
 .text.fabs     0x000068a8       0x1e c:/nxp/mcuxpressoide_10.2.1_795/ide/tools/bin/../lib/gcc/arm-none-eabi/7.2.1/../../../../arm-none-eabi/lib/thumb/v7-m\libcr_c.a(fabs.o)
                0x000068a8                fabs
 .text.fclose   0x000068c6       0x58 c:/nxp/mcuxpressoide_10.2.1_795/ide/tools/bin/../lib/gcc/arm-none-eabi/7.2.1/../../../../arm-none-eabi/lib/thumb/v7-m\libcr_c.a(fclose.o)
                0x000068c6                fclose
 *fill*         0x0000691e        0x2 ff
 .text.fflush   0x00006920       0x44 c:/nxp/mcuxpressoide_10.2.1_795/ide/tools/bin/../lib/gcc/arm-none-eabi/7.2.1/../../../../arm-none-eabi/lib/thumb/v7-m\libcr_c.a(fflush.o)
                0x00006920                fflush
 .text.frexp    0x00006964       0x56 c:/nxp/mcuxpressoide_10.2.1_795/ide/tools/bin/../lib/gcc/arm-none-eabi/7.2.1/../../../../arm-none-eabi/lib/thumb/v7-m\libcr_c.a(frexp.o)
                0x00006964                frexp
 *fill*         0x000069ba        0x2 ff
 .text.fseek    0x000069bc      0x100 c:/nxp/mcuxpressoide_10.2.1_795/ide/tools/bin/../lib/gcc/arm-none-eabi/7.2.1/../../../../arm-none-eabi/lib/thumb/v7-m\libcr_c.a(fseek.o)
                0x000069bc                fseek
 .text.ftell    0x00006abc       0x44 c:/nxp/mcuxpressoide_10.2.1_795/ide/tools/bin/../lib/gcc/arm-none-eabi/7.2.1/../../../../arm-none-eabi/lib/thumb/v7-m\libcr_c.a(ftell.o)
                0x00006abc                ftell
 .text.ldexp    0x00006b00       0x4c c:/nxp/mcuxpressoide_10.2.1_795/ide/tools/bin/../lib/gcc/arm-none-eabi/7.2.1/../../../../arm-none-eabi/lib/thumb/v7-m\libcr_c.a(ldexp.o)
                0x00006b00                ldexp
 .text.remove   0x00006b4c       0x14 c:/nxp/mcuxpressoide_10.2.1_795/ide/tools/bin/../lib/gcc/arm-none-eabi/7.2.1/../../../../arm-none-eabi/lib/thumb/v7-m\libcr_c.a(remove.o)
                0x00006b4c                remove
 .text._sbrk    0x00006b60       0x3c c:/nxp/mcuxpressoide_10.2.1_795/ide/tools/bin/../lib/gcc/arm-none-eabi/7.2.1/../../../../arm-none-eabi/lib/thumb/v7-m\libcr_c.a(_cr_sbrk.o)
                0x00006b60                _sbrk
 .text._do_fflush
                0x00006b9c       0x40 c:/nxp/mcuxpressoide_10.2.1_795/ide/tools/bin/../lib/gcc/arm-none-eabi/7.2.1/../../../../arm-none-eabi/lib/thumb/v7-m\libcr_c.a(_do_fflush.o)
                0x00006b9c                _do_fflush
 .text.__check_heap_overflow
                0x00006bdc       0x18 c:/nxp/mcuxpressoide_10.2.1_795/ide/tools/bin/../lib/gcc/arm-none-eabi/7.2.1/../../../../arm-none-eabi/lib/thumb/v7-m\libcr_c.a(_cr_check_heap.o)
                0x00006bdc                __check_heap_overflow
 .text.__aeabi_dmul
                0x00006bf4      0x10c c:/nxp/mcuxpressoide_10.2.1_795/ide/tools/bin/../lib/gcc/arm-none-eabi/7.2.1/thumb/v7-m\libcr_eabihelpers.a(double.o)
                0x00006bf4                __aeabi_dmul
 .text.__aeabi_ddiv
                0x00006d00      0x130 c:/nxp/mcuxpressoide_10.2.1_795/ide/tools/bin/../lib/gcc/arm-none-eabi/7.2.1/thumb/v7-m\libcr_eabihelpers.a(double.o)
                0x00006d00                __aeabi_ddiv
 .text.__aeabi_dsub
                0x00006e30      0x1b0 c:/nxp/mcuxpressoide_10.2.1_795/ide/tools/bin/../lib/gcc/arm-none-eabi/7.2.1/thumb/v7-m\libcr_eabihelpers.a(double.o)
                0x00006e30                __aeabi_dsub
 .text.__aeabi_dadd
                0x00006fe0      0x10c c:/nxp/mcuxpressoide_10.2.1_795/ide/tools/bin/../lib/gcc/arm-none-eabi/7.2.1/thumb/v7-m\libcr_eabihelpers.a(double.o)
                0x00006fe0                __aeabi_dadd
 .text.__aeabi_d2f
                0x000070ec       0x54 c:/nxp/mcuxpressoide_10.2.1_795/ide/tools/bin/../lib/gcc/arm-none-eabi/7.2.1/thumb/v7-m\libcr_eabihelpers.a(double.o)
                0x000070ec                __aeabi_d2f
 .text.__aeabi_d2iz
                0x00007140       0x40 c:/nxp/mcuxpressoide_10.2.1_795/ide/tools/bin/../lib/gcc/arm-none-eabi/7.2.1/thumb/v7-m\libcr_eabihelpers.a(double.o)
                0x00007140                __aeabi_d2iz
 .text.__bhs_ui2d
                0x00007180       0x46 c:/nxp/mcuxpressoide_10.2.1_795/ide/tools/bin/../lib/gcc/arm-none-eabi/7.2.1/thumb/v7-m\libcr_eabihelpers.a(double.o)
                0x00007180                __bhs_ui2d
 .text.__aeabi_i2d
                0x000071c6       0x12 c:/nxp/mcuxpressoide_10.2.1_795/ide/tools/bin/../lib/gcc/arm-none-eabi/7.2.1/thumb/v7-m\libcr_eabihelpers.a(double.o)
                0x000071c6                __aeabi_i2d
 .text.__aeabi_dcmpeq
                0x000071d8       0x2c c:/nxp/mcuxpressoide_10.2.1_795/ide/tools/bin/../lib/gcc/arm-none-eabi/7.2.1/thumb/v7-m\libcr_eabihelpers.a(double.o)
                0x000071d8                __aeabi_dcmpeq
 .text.__aeabi_dcmplt
                0x00007204       0x54 c:/nxp/mcuxpressoide_10.2.1_795/ide/tools/bin/../lib/gcc/arm-none-eabi/7.2.1/thumb/v7-m\libcr_eabihelpers.a(double.o)
                0x00007204                __aeabi_dcmplt
 .text.__aeabi_dcmpgt
                0x00007258       0x54 c:/nxp/mcuxpressoide_10.2.1_795/ide/tools/bin/../lib/gcc/arm-none-eabi/7.2.1/thumb/v7-m\libcr_eabihelpers.a(double.o)
                0x00007258                __aeabi_dcmpgt
 .text.__aeabi_dcmple
                0x000072ac       0x54 c:/nxp/mcuxpressoide_10.2.1_795/ide/tools/bin/../lib/gcc/arm-none-eabi/7.2.1/thumb/v7-m\libcr_eabihelpers.a(double.o)
                0x000072ac                __aeabi_dcmple
 .text.__aeabi_dcmpge
                0x00007300       0x54 c:/nxp/mcuxpressoide_10.2.1_795/ide/tools/bin/../lib/gcc/arm-none-eabi/7.2.1/thumb/v7-m\libcr_eabihelpers.a(double.o)
                0x00007300                __aeabi_dcmpge
 .text.__aeabi_fmul
                0x00007354       0xb0 c:/nxp/mcuxpressoide_10.2.1_795/ide/tools/bin/../lib/gcc/arm-none-eabi/7.2.1/thumb/v7-m\libcr_eabihelpers.a(float.o)
                0x00007354                __aeabi_fmul
 .text.__aeabi_fdiv
                0x00007404       0xb8 c:/nxp/mcuxpressoide_10.2.1_795/ide/tools/bin/../lib/gcc/arm-none-eabi/7.2.1/thumb/v7-m\libcr_eabihelpers.a(float.o)
                0x00007404                __aeabi_fdiv
 .text.__aeabi_fsub
                0x000074bc       0xe0 c:/nxp/mcuxpressoide_10.2.1_795/ide/tools/bin/../lib/gcc/arm-none-eabi/7.2.1/thumb/v7-m\libcr_eabihelpers.a(float.o)
                0x000074bc                __aeabi_fsub
 .text.__aeabi_fadd
                0x0000759c       0xb0 c:/nxp/mcuxpressoide_10.2.1_795/ide/tools/bin/../lib/gcc/arm-none-eabi/7.2.1/thumb/v7-m\libcr_eabihelpers.a(float.o)
                0x0000759c                __aeabi_fadd
 .text.__aeabi_f2iz
                0x0000764c       0x36 c:/nxp/mcuxpressoide_10.2.1_795/ide/tools/bin/../lib/gcc/arm-none-eabi/7.2.1/thumb/v7-m\libcr_eabihelpers.a(float.o)
                0x0000764c                __aeabi_f2iz
 .text.__bhs_ui2f
                0x00007682       0x26 c:/nxp/mcuxpressoide_10.2.1_795/ide/tools/bin/../lib/gcc/arm-none-eabi/7.2.1/thumb/v7-m\libcr_eabihelpers.a(float.o)
                0x00007682                __bhs_ui2f
 .text.__aeabi_i2f
                0x000076a8       0x12 c:/nxp/mcuxpressoide_10.2.1_795/ide/tools/bin/../lib/gcc/arm-none-eabi/7.2.1/thumb/v7-m\libcr_eabihelpers.a(float.o)
                0x000076a8                __aeabi_i2f
 *fill*         0x000076ba        0x2 ff
 .text.__aeabi_f2d
                0x000076bc       0x38 c:/nxp/mcuxpressoide_10.2.1_795/ide/tools/bin/../lib/gcc/arm-none-eabi/7.2.1/thumb/v7-m\libcr_eabihelpers.a(float.o)
                0x000076bc                __aeabi_f2d
 .text.__aeabi_fcmpeq
                0x000076f4       0x1e c:/nxp/mcuxpressoide_10.2.1_795/ide/tools/bin/../lib/gcc/arm-none-eabi/7.2.1/thumb/v7-m\libcr_eabihelpers.a(float.o)
                0x000076f4                __aeabi_fcmpeq
 .text.__aeabi_fcmple
                0x00007712       0x3e c:/nxp/mcuxpressoide_10.2.1_795/ide/tools/bin/../lib/gcc/arm-none-eabi/7.2.1/thumb/v7-m\libcr_eabihelpers.a(float.o)
                0x00007712                __aeabi_fcmple
 .text.__aeabi_fcmpge
                0x00007750       0x3e c:/nxp/mcuxpressoide_10.2.1_795/ide/tools/bin/../lib/gcc/arm-none-eabi/7.2.1/thumb/v7-m\libcr_eabihelpers.a(float.o)
                0x00007750                __aeabi_fcmpge
 .text.__aeabi_memset_lowlevel
                0x0000778e       0x32 c:/nxp/mcuxpressoide_10.2.1_795/ide/tools/bin/../lib/gcc/arm-none-eabi/7.2.1/thumb/v7-m\libcr_eabihelpers.a(memcpy.o)
                0x0000778e                __aeabi_lowlevel_memset
 .text.__sys_appexit
                0x000077c0        0xc c:/nxp/mcuxpressoide_10.2.1_795/ide/tools/bin/../lib/gcc/arm-none-eabi/7.2.1/../../../../arm-none-eabi/lib/thumb/v7-m\libcr_semihost.a(__sys_appexit.o)
                0x000077c0                __sys_appexit
                0x000077c0                __exit
 .text.__sys_close
                0x000077cc        0xc c:/nxp/mcuxpressoide_10.2.1_795/ide/tools/bin/../lib/gcc/arm-none-eabi/7.2.1/../../../../arm-none-eabi/lib/thumb/v7-m\libcr_semihost.a(__sys_close.o)
                0x000077cc                __sys_close
 .text.__sys_flen
                0x000077d8        0xc c:/nxp/mcuxpressoide_10.2.1_795/ide/tools/bin/../lib/gcc/arm-none-eabi/7.2.1/../../../../arm-none-eabi/lib/thumb/v7-m\libcr_semihost.a(__sys_flen.o)
                0x000077d8                __sys_flen
 .text.__sys_istty
                0x000077e4        0xc c:/nxp/mcuxpressoide_10.2.1_795/ide/tools/bin/../lib/gcc/arm-none-eabi/7.2.1/../../../../arm-none-eabi/lib/thumb/v7-m\libcr_semihost.a(__sys_istty.o)
                0x000077e4                __sys_istty
 .text.__sys_remove
                0x000077f0        0xc c:/nxp/mcuxpressoide_10.2.1_795/ide/tools/bin/../lib/gcc/arm-none-eabi/7.2.1/../../../../arm-none-eabi/lib/thumb/v7-m\libcr_semihost.a(__sys_remove.o)
                0x000077f0                __sys_remove
 .text.__sys_seek
                0x000077fc        0xc c:/nxp/mcuxpressoide_10.2.1_795/ide/tools/bin/../lib/gcc/arm-none-eabi/7.2.1/../../../../arm-none-eabi/lib/thumb/v7-m\libcr_semihost.a(__sys_seek.o)
                0x000077fc                __sys_seek
 .text.__sys_time
                0x00007808        0x6 c:/nxp/mcuxpressoide_10.2.1_795/ide/tools/bin/../lib/gcc/arm-none-eabi/7.2.1/../../../../arm-none-eabi/lib/thumb/v7-m\libcr_semihost.a(__sys_time.o)
                0x00007808                __sys_time
 .text.__sys_tmpnam
                0x0000780e        0xc c:/nxp/mcuxpressoide_10.2.1_795/ide/tools/bin/../lib/gcc/arm-none-eabi/7.2.1/../../../../arm-none-eabi/lib/thumb/v7-m\libcr_semihost.a(__sys_tmpnam.o)
                0x0000780e                __sys_tmpnam
 .text.__sys_write
                0x0000781a        0xc c:/nxp/mcuxpressoide_10.2.1_795/ide/tools/bin/../lib/gcc/arm-none-eabi/7.2.1/../../../../arm-none-eabi/lib/thumb/v7-m\libcr_semihost.a(__sys_write.o)
                0x0000781a                __sys_write
 *(.rodata .rodata.* .constdata .constdata.*)
 *fill*         0x00007826        0x2 ff
 .rodata        0x00007828       0x14 ./src/lcd_utils.o
 .rodata        0x0000783c       0x1b ./src/main.o
 .rodata.fp_display.str1.1
                0x00007857       0x34 c:/nxp/mcuxpressoide_10.2.1_795/ide/tools/bin/../lib/gcc/arm-none-eabi/7.2.1/../../../../arm-none-eabi/lib/thumb/v7-m\libcr_c.a(fpprintf.o)
                                 0x35 (size before relaxing)
 .rodata._initio.str1.1
                0x0000788b        0x4 c:/nxp/mcuxpressoide_10.2.1_795/ide/tools/bin/../lib/gcc/arm-none-eabi/7.2.1/../../../../arm-none-eabi/lib/thumb/v7-m\libcr_c.a(initio.o)
 *fill*         0x0000788f        0x1 ff
 .rodata.a1.3930
                0x00007890       0x88 c:/nxp/mcuxpressoide_10.2.1_795/ide/tools/bin/../lib/gcc/arm-none-eabi/7.2.1/../../../../arm-none-eabi/lib/thumb/v7-m\libcr_c.a(pow.o)
 .rodata.a2.3931
                0x00007918       0x40 c:/nxp/mcuxpressoide_10.2.1_795/ide/tools/bin/../lib/gcc/arm-none-eabi/7.2.1/../../../../arm-none-eabi/lib/thumb/v7-m\libcr_c.a(pow.o)
 .rodata.__vfprintf.str1.1
                0x00007958       0x31 c:/nxp/mcuxpressoide_10.2.1_795/ide/tools/bin/../lib/gcc/arm-none-eabi/7.2.1/../../../../arm-none-eabi/lib/thumb/v7-m\libcr_c.a(printf.o)
                                 0x38 (size before relaxing)
 .rodata.puts.str1.1
                0x00007989       0x31 c:/nxp/mcuxpressoide_10.2.1_795/ide/tools/bin/../lib/gcc/arm-none-eabi/7.2.1/../../../../arm-none-eabi/lib/thumb/v7-m\libcr_c.a(puts.o)
                                  0x2 (size before relaxing)
 *fill*         0x00007989        0x7 ff
 .rodata.__huge_val
                0x00007990        0x8 c:/nxp/mcuxpressoide_10.2.1_795/ide/tools/bin/../lib/gcc/arm-none-eabi/7.2.1/../../../../arm-none-eabi/lib/thumb/v7-m\libcr_c.a(_hugeval.o)
                0x00007990                __huge_val
 .rodata.__huge_vall
                0x00007998        0x8 c:/nxp/mcuxpressoide_10.2.1_795/ide/tools/bin/../lib/gcc/arm-none-eabi/7.2.1/../../../../arm-none-eabi/lib/thumb/v7-m\libcr_c.a(_hugeval.o)
                0x00007998                __huge_vall
 .rodata._Csys_alloc.str1.1
                0x000079a0       0x18 c:/nxp/mcuxpressoide_10.2.1_795/ide/tools/bin/../lib/gcc/arm-none-eabi/7.2.1/../../../../arm-none-eabi/lib/thumb/v7-m\libcr_c.a(alloc.o)
 .rodata.__num_Ciob_streams
                0x000079b8        0x4 c:/nxp/mcuxpressoide_10.2.1_795/ide/tools/bin/../lib/gcc/arm-none-eabi/7.2.1/../../../../arm-none-eabi/lib/thumb/v7-m\libcr_semihost.a(__ciob.o)
                0x000079b8                __num_Ciob_streams
                0x000079bc                . = ALIGN (0x4)

.glue_7         0x000079bc        0x0
 .glue_7        0x000079bc        0x0 linker stubs

.glue_7t        0x000079bc        0x0
 .glue_7t       0x000079bc        0x0 linker stubs

.vfp11_veneer   0x000079bc        0x0
 .vfp11_veneer  0x000079bc        0x0 linker stubs

.v4_bx          0x000079bc        0x0
 .v4_bx         0x000079bc        0x0 linker stubs

.iplt           0x000079bc        0x0
 .iplt          0x000079bc        0x0 ./src/2d_graphics.o

.rel.dyn        0x000079bc        0x0
 .rel.iplt      0x000079bc        0x0 ./src/2d_graphics.o

.ARM.extab
 *(.ARM.extab* .gnu.linkonce.armextab.*)
                0x000079bc                __exidx_start = .

.ARM.exidx
 *(.ARM.exidx* .gnu.linkonce.armexidx.*)
                0x000079bc                __exidx_end = .
                0x000079bc                _etext = .

.data_RAM2      0x2007c000        0x0 load address 0x000079bc
 FILL mask 0xff
                [!provide]                PROVIDE (__start_data_RAM2, .)
 *(.ramfunc.$RAM2)
 *(.ramfunc.$RamAHB32)
 *(.data.$RAM2*)
 *(.data.$RamAHB32*)
                0x2007c000                . = ALIGN (0x4)
                [!provide]                PROVIDE (__end_data_RAM2, .)

.uninit_RESERVED
                0x10000000        0x0
 *(.bss.$RESERVED*)
                0x10000000                . = ALIGN (0x4)
                0x10000000                _end_uninit_RESERVED = .

.data           0x10000000      0x434 load address 0x000079bc
 FILL mask 0xff
                0x10000000                _data = .
 *(vtable)
 *(.ramfunc*)
 *(.data*)
 .data.light_src
                0x10000000        0xc ./src/3d_graphics.o
                0x10000000                light_src
 .data.reflectivity
                0x1000000c        0xc ./src/3d_graphics.o
                0x1000000c                reflectivity
 .data.cube_base_coord
                0x10000018       0x60 ./src/3d_graphics.o
                0x10000018                cube_base_coord
 .data.cube1    0x10000078       0x60 ./src/3d_graphics.o
                0x10000078                cube1
 .data.cube2    0x100000d8       0x60 ./src/3d_graphics.o
                0x100000d8                cube2
 .data.cube3    0x10000138       0x60 ./src/3d_graphics.o
                0x10000138                cube3
 .data.rotated_cube1
                0x10000198       0x60 ./src/3d_graphics.o
                0x10000198                rotated_cube1
 .data.g_xy_coord_1
                0x100001f8        0xc ./src/3d_graphics.o
                0x100001f8                g_xy_coord_1
 .data.g_xy_coord_2
                0x10000204        0xc ./src/3d_graphics.o
                0x10000204                g_xy_coord_2
 .data.g_xy_coord3
                0x10000210        0xc ./src/3d_graphics.o
                0x10000210                g_xy_coord3
 .data.g_xy_coord_4
                0x1000021c        0xc ./src/3d_graphics.o
                0x1000021c                g_xy_coord_4
 .data.g_yz_coord_1
                0x10000228        0xc ./src/3d_graphics.o
                0x10000228                g_yz_coord_1
 .data.g_yz_coord_2
                0x10000234        0xc ./src/3d_graphics.o
                0x10000234                g_yz_coord_2
 .data.g_yz_coord3
                0x10000240        0xc ./src/3d_graphics.o
                0x10000240                g_yz_coord3
 .data.g_yz_coord4
                0x1000024c        0xc ./src/3d_graphics.o
                0x1000024c                g_yz_coord4
 .data.g_zx_coord_1
                0x10000258        0xc ./src/3d_graphics.o
                0x10000258                g_zx_coord_1
 .data.g_zx_coord_2
                0x10000264        0xc ./src/3d_graphics.o
                0x10000264                g_zx_coord_2
 .data.g_zx_coord3
                0x10000270        0xc ./src/3d_graphics.o
                0x10000270                g_zx_coord3
 .data.g_zx_coord4
                0x1000027c        0xc ./src/3d_graphics.o
                0x1000027c                g_zx_coord4
 .data.initial  0x10000288       0x60 ./src/3d_graphics.o
                0x10000288                initial
 .data.initial_restore
                0x100002e8       0x60 ./src/3d_graphics.o
                0x100002e8                initial_restore
 .data._height  0x10000348        0x4 ./src/lcd_utils.o
                0x10000348                _height
 .data._width   0x1000034c        0x4 ./src/lcd_utils.o
                0x1000034c                _width
 .data._random_j
                0x10000350        0x4 c:/nxp/mcuxpressoide_10.2.1_795/ide/tools/bin/../lib/gcc/arm-none-eabi/7.2.1/../../../../arm-none-eabi/lib/thumb/v7-m\libcr_c.a(stdlib.o)
 .data._random_k
                0x10000354        0x4 c:/nxp/mcuxpressoide_10.2.1_795/ide/tools/bin/../lib/gcc/arm-none-eabi/7.2.1/../../../../arm-none-eabi/lib/thumb/v7-m\libcr_c.a(stdlib.o)
 .data._random_number_seed
                0x10000358       0xdc c:/nxp/mcuxpressoide_10.2.1_795/ide/tools/bin/../lib/gcc/arm-none-eabi/7.2.1/../../../../arm-none-eabi/lib/thumb/v7-m\libcr_c.a(stdlib.o)
                0x10000434                . = ALIGN (0x4)
                0x10000434                _edata = .

.igot.plt       0x10000434        0x0 load address 0x00007df0
 .igot.plt      0x10000434        0x0 ./src/2d_graphics.o

.bss_RAM2       0x2007c000        0x0
                [!provide]                PROVIDE (__start_bss_RAM2, .)
 *(.bss.$RAM2*)
 *(.bss.$RamAHB32*)
                0x2007c000                . = ALIGN ((. != 0x0)?0x4:0x1)
                [!provide]                PROVIDE (__end_bss_RAM2, .)

.bss            0x10000434      0x6ec
                0x10000434                _bss = .
 *(.bss*)
 .bss.arr       0x10000434      0x3cc ./src/2d_graphics.o
                0x10000434                arr
 .bss.light_src_2D
                0x10000800        0x4 ./src/3d_graphics.o
                0x10000800                light_src_2D
 .bss.light_src_2Dnative
                0x10000804        0x4 ./src/3d_graphics.o
                0x10000804                light_src_2Dnative
 .bss.origin_2d
                0x10000808        0x4 ./src/3d_graphics.o
                0x10000808                origin_2d
 .bss.x_2d      0x1000080c        0x4 ./src/3d_graphics.o
                0x1000080c                x_2d
 .bss.y_2d      0x10000810        0x4 ./src/3d_graphics.o
                0x10000810                y_2d
 .bss.z_2d      0x10000814        0x4 ./src/3d_graphics.o
                0x10000814                z_2d
 .bss.native_origin
                0x10000818        0x4 ./src/3d_graphics.o
                0x10000818                native_origin
 .bss.native_x2d
                0x1000081c        0x4 ./src/3d_graphics.o
                0x1000081c                native_x2d
 .bss.native_y2d
                0x10000820        0x4 ./src/3d_graphics.o
                0x10000820                native_y2d
 .bss.native_z2d
                0x10000824        0x4 ./src/3d_graphics.o
                0x10000824                native_z2d
 .bss.P_2D      0x10000828       0x20 ./src/3d_graphics.o
                0x10000828                P_2D
 .bss.P_2Dnative
                0x10000848       0x20 ./src/3d_graphics.o
                0x10000848                P_2Dnative
 .bss.I_2D      0x10000868       0x20 ./src/3d_graphics.o
                0x10000868                I_2D
 .bss.I_2Dnative
                0x10000888       0x20 ./src/3d_graphics.o
                0x10000888                I_2Dnative
 .bss.intersection1
                0x100008a8        0xc ./src/3d_graphics.o
                0x100008a8                intersection1
 .bss.intersection1_2D
                0x100008b4        0x4 ./src/3d_graphics.o
                0x100008b4                intersection1_2D
 .bss.intersection1_2Dnative
                0x100008b8        0x4 ./src/3d_graphics.o
                0x100008b8                intersection1_2Dnative
 .bss.intersection2
                0x100008bc        0xc ./src/3d_graphics.o
                0x100008bc                intersection2
 .bss.intersection2_2D
                0x100008c8        0x4 ./src/3d_graphics.o
                0x100008c8                intersection2_2D
 .bss.intersection2_2Dnative
                0x100008cc        0x4 ./src/3d_graphics.o
                0x100008cc                intersection2_2Dnative
 .bss.intersection3
                0x100008d0        0xc ./src/3d_graphics.o
                0x100008d0                intersection3
 .bss.intersection3_2D
                0x100008dc        0x4 ./src/3d_graphics.o
                0x100008dc                intersection3_2D
 .bss.intersection3_2Dnative
                0x100008e0        0x4 ./src/3d_graphics.o
                0x100008e0                intersection3_2Dnative
 .bss.intersection4
                0x100008e4        0xc ./src/3d_graphics.o
                0x100008e4                intersection4
 .bss.intersection4_2D
                0x100008f0        0x4 ./src/3d_graphics.o
                0x100008f0                intersection4_2D
 .bss.intersection4_2Dnative
                0x100008f4        0x4 ./src/3d_graphics.o
                0x100008f4                intersection4_2Dnative
 .bss.cube_num.4360
                0x100008f8        0x4 ./src/3d_graphics.o
 .bss.src_addr  0x100008fc       0x10 ./src/lcd_utils.o
                0x100008fc                src_addr
 .bss.dest_addr
                0x1000090c       0x10 ./src/lcd_utils.o
                0x1000090c                dest_addr
 .bss.interrupt0RxStat
                0x1000091c        0x4 ./src/ssp.o
                0x1000091c                interrupt0RxStat
 .bss.interrupt0OverRunStat
                0x10000920        0x4 ./src/ssp.o
                0x10000920                interrupt0OverRunStat
 .bss.interrupt0RxTimeoutStat
                0x10000924        0x4 ./src/ssp.o
                0x10000924                interrupt0RxTimeoutStat
 .bss.interrupt1RxStat
                0x10000928        0x4 ./src/ssp.o
                0x10000928                interrupt1RxStat
 .bss.interrupt1OverRunStat
                0x1000092c        0x4 ./src/ssp.o
                0x1000092c                interrupt1OverRunStat
 .bss.interrupt1RxTimeoutStat
                0x10000930        0x4 ./src/ssp.o
                0x10000930                interrupt1RxTimeoutStat
 .bss.errno     0x10000934        0x4 c:/nxp/mcuxpressoide_10.2.1_795/ide/tools/bin/../lib/gcc/arm-none-eabi/7.2.1/../../../../arm-none-eabi/lib/thumb/v7-m\libcr_c.a(errno.o)
                0x10000934                errno
 .bss.__end_of_heap
                0x10000938        0x4 c:/nxp/mcuxpressoide_10.2.1_795/ide/tools/bin/../lib/gcc/arm-none-eabi/7.2.1/../../../../arm-none-eabi/lib/thumb/v7-m\libcr_c.a(__init_alloc.o)
                0x10000938                __end_of_heap
 .bss.__heaps   0x1000093c        0x4 c:/nxp/mcuxpressoide_10.2.1_795/ide/tools/bin/../lib/gcc/arm-none-eabi/7.2.1/../../../../arm-none-eabi/lib/thumb/v7-m\libcr_c.a(__init_alloc.o)
                0x1000093c                __heaps
 .bss.__Ciob    0x10000940      0x1e0 c:/nxp/mcuxpressoide_10.2.1_795/ide/tools/bin/../lib/gcc/arm-none-eabi/7.2.1/../../../../arm-none-eabi/lib/thumb/v7-m\libcr_semihost.a(__ciob.o)
                0x10000940                __Ciob
 *(COMMON)
                0x10000b20                . = ALIGN (0x4)
                0x10000b20                _ebss = .
                [!provide]                PROVIDE (end, .)

.noinit_RAM2    0x2007c000        0x0
 *(.noinit.$RAM2*)
 *(.noinit.$RamAHB32*)
                0x2007c000                . = ALIGN (0x4)

.noinit         0x10000b20        0x0
                0x10000b20                _noinit = .
 *(.noinit*)
                0x10000b20                . = ALIGN (0x4)
                0x10000b20                _end_noinit = .
                0x10000b20                PROVIDE (_pvHeapStart, DEFINED (__user_heap_base)?__user_heap_base:.)
                0x10008000                PROVIDE (_vStackTop, DEFINED (__user_stack_top)?__user_stack_top:(__top_RamLoc32 - 0x0))
                0xefff74de                PROVIDE (__valid_user_code_checksum, (0x0 - ((((((_vStackTop + (ResetISR + 0x1)) + (NMI_Handler + 0x1)) + (HardFault_Handler + 0x1)) + (DEFINED (MemManage_Handler)?MemManage_Handler:0x0 + 0x1)) + (DEFINED (BusFault_Handler)?BusFault_Handler:0x0 + 0x1)) + (DEFINED (UsageFault_Handler)?UsageFault_Handler:0x0 + 0x1))))
                0x00000000                _image_start = LOADADDR (.text)
                0x00007df0                _image_end = (LOADADDR (.data) + SIZEOF (.data))
                0x00007df0                _image_size = (_image_end - _image_start)
OUTPUT(lab2_3DGraphics_012556895.axf elf32-littlearm)

.debug_info     0x00000000     0x3417
 .debug_info    0x00000000      0x66a ./src/2d_graphics.o
 .debug_info    0x0000066a      0x2ea ./src/3d_conv.o
 .debug_info    0x00000954      0xab1 ./src/3d_graphics.o
 .debug_info    0x00001405      0x21e ./src/coord.o
 .debug_info    0x00001623      0x255 ./src/cr_startup_lpc175x_6x.o
 .debug_info    0x00001878       0x3f ./src/crp.o
 .debug_info    0x000018b7      0x8df ./src/lcd_utils.o
 .debug_info    0x00002196      0x2c4 ./src/main.o
 .debug_info    0x0000245a      0xc70 ./src/ssp.o
 .debug_info    0x000030ca      0x34d C:\Users\vivek\Documents\MCUXpressoIDE_10.2.1_795\workspace\CMSIS_CORE_LPC17xx\Debug\libCMSIS_CORE_LPC17xx.a(system_LPC17xx.o)

.debug_abbrev   0x00000000      0xd3c
 .debug_abbrev  0x00000000      0x166 ./src/2d_graphics.o
 .debug_abbrev  0x00000166      0x107 ./src/3d_conv.o
 .debug_abbrev  0x0000026d      0x1d3 ./src/3d_graphics.o
 .debug_abbrev  0x00000440       0xea ./src/coord.o
 .debug_abbrev  0x0000052a      0x114 ./src/cr_startup_lpc175x_6x.o
 .debug_abbrev  0x0000063e       0x36 ./src/crp.o
 .debug_abbrev  0x00000674      0x1fc ./src/lcd_utils.o
 .debug_abbrev  0x00000870      0x137 ./src/main.o
 .debug_abbrev  0x000009a7      0x28d ./src/ssp.o
 .debug_abbrev  0x00000c34      0x108 C:\Users\vivek\Documents\MCUXpressoIDE_10.2.1_795\workspace\CMSIS_CORE_LPC17xx\Debug\libCMSIS_CORE_LPC17xx.a(system_LPC17xx.o)

.debug_aranges  0x00000000      0x2a0
 .debug_aranges
                0x00000000       0x40 ./src/2d_graphics.o
 .debug_aranges
                0x00000040       0x30 ./src/3d_conv.o
 .debug_aranges
                0x00000070       0x50 ./src/3d_graphics.o
 .debug_aranges
                0x000000c0       0x20 ./src/coord.o
 .debug_aranges
                0x000000e0       0x80 ./src/cr_startup_lpc175x_6x.o
 .debug_aranges
                0x00000160       0x18 ./src/crp.o
 .debug_aranges
                0x00000178       0x78 ./src/lcd_utils.o
 .debug_aranges
                0x000001f0       0x28 ./src/main.o
 .debug_aranges
                0x00000218       0x60 ./src/ssp.o
 .debug_aranges
                0x00000278       0x28 C:\Users\vivek\Documents\MCUXpressoIDE_10.2.1_795\workspace\CMSIS_CORE_LPC17xx\Debug\libCMSIS_CORE_LPC17xx.a(system_LPC17xx.o)

.debug_ranges   0x00000000      0x228
 .debug_ranges  0x00000000       0x30 ./src/2d_graphics.o
 .debug_ranges  0x00000030       0x20 ./src/3d_conv.o
 .debug_ranges  0x00000050       0x70 ./src/3d_graphics.o
 .debug_ranges  0x000000c0       0x10 ./src/coord.o
 .debug_ranges  0x000000d0       0x70 ./src/cr_startup_lpc175x_6x.o
 .debug_ranges  0x00000140       0x68 ./src/lcd_utils.o
 .debug_ranges  0x000001a8       0x18 ./src/main.o
 .debug_ranges  0x000001c0       0x50 ./src/ssp.o
 .debug_ranges  0x00000210       0x18 C:\Users\vivek\Documents\MCUXpressoIDE_10.2.1_795\workspace\CMSIS_CORE_LPC17xx\Debug\libCMSIS_CORE_LPC17xx.a(system_LPC17xx.o)

.debug_macro    0x00000000     0x37ce
 .debug_macro   0x00000000       0xc0 ./src/2d_graphics.o
 .debug_macro   0x000000c0      0xa6c ./src/2d_graphics.o
 .debug_macro   0x00000b2c       0x10 ./src/2d_graphics.o
 .debug_macro   0x00000b3c      0x12d ./src/2d_graphics.o
 .debug_macro   0x00000c69       0x16 ./src/2d_graphics.o
 .debug_macro   0x00000c7f       0x9a ./src/2d_graphics.o
 .debug_macro   0x00000d19       0x10 ./src/2d_graphics.o
 .debug_macro   0x00000d29       0x1c ./src/2d_graphics.o
 .debug_macro   0x00000d45      0x5b2 ./src/2d_graphics.o
 .debug_macro   0x000012f7       0x16 ./src/2d_graphics.o
 .debug_macro   0x0000130d       0xc4 ./src/2d_graphics.o
 .debug_macro   0x000013d1       0xca ./src/2d_graphics.o
 .debug_macro   0x0000149b       0x2e ./src/2d_graphics.o
 .debug_macro   0x000014c9       0x9a ./src/3d_conv.o
 .debug_macro   0x00001563       0xc3 ./src/3d_graphics.o
 .debug_macro   0x00001626       0x6b ./src/coord.o
 .debug_macro   0x00001691       0xa0 ./src/coord.o
 .debug_macro   0x00001731       0x22 ./src/coord.o
 .debug_macro   0x00001753       0x1d ./src/cr_startup_lpc175x_6x.o
 .debug_macro   0x00001770       0x1a ./src/crp.o
 .debug_macro   0x0000178a       0x34 ./src/crp.o
 .debug_macro   0x000017be      0x105 ./src/lcd_utils.o
 .debug_macro   0x000018c3       0x82 ./src/lcd_utils.o
 .debug_macro   0x00001945       0x1c ./src/lcd_utils.o
 .debug_macro   0x00001961       0x3a ./src/lcd_utils.o
 .debug_macro   0x0000199b       0x2d ./src/lcd_utils.o
 .debug_macro   0x000019c8      0xbb1 ./src/lcd_utils.o
 .debug_macro   0x00002579      0x2c7 ./src/lcd_utils.o
 .debug_macro   0x00002840      0x118 ./src/lcd_utils.o
 .debug_macro   0x00002958       0x28 ./src/lcd_utils.o
 .debug_macro   0x00002980      0x140 ./src/main.o
 .debug_macro   0x00002ac0       0xf4 ./src/main.o
 .debug_macro   0x00002bb4       0x81 ./src/ssp.o
 .debug_macro   0x00002c35      0x12d C:\Users\vivek\Documents\MCUXpressoIDE_10.2.1_795\workspace\CMSIS_CORE_LPC17xx\Debug\libCMSIS_CORE_LPC17xx.a(system_LPC17xx.o)
 .debug_macro   0x00002d62      0xa6c C:\Users\vivek\Documents\MCUXpressoIDE_10.2.1_795\workspace\CMSIS_CORE_LPC17xx\Debug\libCMSIS_CORE_LPC17xx.a(system_LPC17xx.o)

.debug_line     0x00000000     0x1954
 .debug_line    0x00000000      0x2ef ./src/2d_graphics.o
 .debug_line    0x000002ef      0x190 ./src/3d_conv.o
 .debug_line    0x0000047f      0x65f ./src/3d_graphics.o
 .debug_line    0x00000ade      0x11d ./src/coord.o
 .debug_line    0x00000bfb       0xd3 ./src/cr_startup_lpc175x_6x.o
 .debug_line    0x00000cce       0x75 ./src/crp.o
 .debug_line    0x00000d43      0x417 ./src/lcd_utils.o
 .debug_line    0x0000115a      0x2b9 ./src/main.o
 .debug_line    0x00001413      0x312 ./src/ssp.o
 .debug_line    0x00001725      0x22f C:\Users\vivek\Documents\MCUXpressoIDE_10.2.1_795\workspace\CMSIS_CORE_LPC17xx\Debug\libCMSIS_CORE_LPC17xx.a(system_LPC17xx.o)

.debug_str      0x00000000     0xc77e
 .debug_str     0x00000000     0x5158 ./src/2d_graphics.o
                               0x521b (size before relaxing)
 .debug_str     0x00005158       0x7c ./src/3d_conv.o
                               0x5054 (size before relaxing)
 .debug_str     0x000051d4      0x37c ./src/3d_graphics.o
                               0x53ec (size before relaxing)
 .debug_str     0x00005550       0x3c ./src/coord.o
                               0x47f9 (size before relaxing)
 .debug_str     0x0000558c      0x1d6 ./src/cr_startup_lpc175x_6x.o
                               0x2ef7 (size before relaxing)
 .debug_str     0x00005762       0xe9 ./src/crp.o
                               0x2e04 (size before relaxing)
 .debug_str     0x0000584b     0x62fa ./src/lcd_utils.o
                               0xb335 (size before relaxing)
 .debug_str     0x0000bb45      0x279 ./src/main.o
                               0xb3a0 (size before relaxing)
 .debug_str     0x0000bdbe      0x5bb ./src/ssp.o
                               0xa789 (size before relaxing)
 .debug_str     0x0000c379      0x405 C:\Users\vivek\Documents\MCUXpressoIDE_10.2.1_795\workspace\CMSIS_CORE_LPC17xx\Debug\libCMSIS_CORE_LPC17xx.a(system_LPC17xx.o)
                               0xa16b (size before relaxing)

.comment        0x00000000       0x7e
 .comment       0x00000000       0x7e ./src/2d_graphics.o
                                 0x7f (size before relaxing)
 .comment       0x0000007e       0x7f ./src/3d_conv.o
 .comment       0x0000007e       0x7f ./src/3d_graphics.o
 .comment       0x0000007e       0x7f ./src/coord.o
 .comment       0x0000007e       0x7f ./src/cr_startup_lpc175x_6x.o
 .comment       0x0000007e       0x7f ./src/crp.o
 .comment       0x0000007e       0x7f ./src/lcd_utils.o
 .comment       0x0000007e       0x7f ./src/main.o
 .comment       0x0000007e       0x7f ./src/ssp.o
 .comment       0x0000007e       0x7f C:\Users\vivek\Documents\MCUXpressoIDE_10.2.1_795\workspace\CMSIS_CORE_LPC17xx\Debug\libCMSIS_CORE_LPC17xx.a(system_LPC17xx.o)
 .comment       0x0000007e       0x7f c:/nxp/mcuxpressoide_10.2.1_795/ide/tools/bin/../lib/gcc/arm-none-eabi/7.2.1/../../../../arm-none-eabi/lib/thumb/v7-m\libcr_semihost.a(_cr__main.o)
 .comment       0x0000007e       0x7f c:/nxp/mcuxpressoide_10.2.1_795/ide/tools/bin/../lib/gcc/arm-none-eabi/7.2.1/../../../../arm-none-eabi/lib/thumb/v7-m\libcr_c.a(cos.o)
 .comment       0x0000007e       0x7f c:/nxp/mcuxpressoide_10.2.1_795/ide/tools/bin/../lib/gcc/arm-none-eabi/7.2.1/../../../../arm-none-eabi/lib/thumb/v7-m\libcr_c.a(cr_time.o)
 .comment       0x0000007e       0x7f c:/nxp/mcuxpressoide_10.2.1_795/ide/tools/bin/../lib/gcc/arm-none-eabi/7.2.1/../../../../arm-none-eabi/lib/thumb/v7-m\libcr_c.a(floor.o)
 .comment       0x0000007e       0x7f c:/nxp/mcuxpressoide_10.2.1_795/ide/tools/bin/../lib/gcc/arm-none-eabi/7.2.1/../../../../arm-none-eabi/lib/thumb/v7-m\libcr_c.a(fpprintf.o)
 .comment       0x0000007e       0x7f c:/nxp/mcuxpressoide_10.2.1_795/ide/tools/bin/../lib/gcc/arm-none-eabi/7.2.1/../../../../arm-none-eabi/lib/thumb/v7-m\libcr_c.a(initio.o)
 .comment       0x0000007e       0x7f c:/nxp/mcuxpressoide_10.2.1_795/ide/tools/bin/../lib/gcc/arm-none-eabi/7.2.1/../../../../arm-none-eabi/lib/thumb/v7-m\libcr_c.a(pow.o)
 .comment       0x0000007e       0x7f c:/nxp/mcuxpressoide_10.2.1_795/ide/tools/bin/../lib/gcc/arm-none-eabi/7.2.1/../../../../arm-none-eabi/lib/thumb/v7-m\libcr_c.a(printf.o)
 .comment       0x0000007e       0x7f c:/nxp/mcuxpressoide_10.2.1_795/ide/tools/bin/../lib/gcc/arm-none-eabi/7.2.1/../../../../arm-none-eabi/lib/thumb/v7-m\libcr_c.a(puts.o)
 .comment       0x0000007e       0x7f c:/nxp/mcuxpressoide_10.2.1_795/ide/tools/bin/../lib/gcc/arm-none-eabi/7.2.1/../../../../arm-none-eabi/lib/thumb/v7-m\libcr_c.a(setvbuf.o)
 .comment       0x0000007e       0x7f c:/nxp/mcuxpressoide_10.2.1_795/ide/tools/bin/../lib/gcc/arm-none-eabi/7.2.1/../../../../arm-none-eabi/lib/thumb/v7-m\libcr_c.a(sin.o)
 .comment       0x0000007e       0x7f c:/nxp/mcuxpressoide_10.2.1_795/ide/tools/bin/../lib/gcc/arm-none-eabi/7.2.1/../../../../arm-none-eabi/lib/thumb/v7-m\libcr_c.a(sqrt.o)
 .comment       0x0000007e       0x7f c:/nxp/mcuxpressoide_10.2.1_795/ide/tools/bin/../lib/gcc/arm-none-eabi/7.2.1/../../../../arm-none-eabi/lib/thumb/v7-m\libcr_c.a(stdlib.o)
 .comment       0x0000007e       0x7f c:/nxp/mcuxpressoide_10.2.1_795/ide/tools/bin/../lib/gcc/arm-none-eabi/7.2.1/../../../../arm-none-eabi/lib/thumb/v7-m\libcr_c.a(strlen.o)
 .comment       0x0000007e       0x7f c:/nxp/mcuxpressoide_10.2.1_795/ide/tools/bin/../lib/gcc/arm-none-eabi/7.2.1/../../../../arm-none-eabi/lib/thumb/v7-m\libcr_c.a(memset.o)
 .comment       0x0000007e       0x7f c:/nxp/mcuxpressoide_10.2.1_795/ide/tools/bin/../lib/gcc/arm-none-eabi/7.2.1/../../../../arm-none-eabi/lib/thumb/v7-m\libcr_c.a(_deferredlazyseek.o)
 .comment       0x0000007e       0x7f c:/nxp/mcuxpressoide_10.2.1_795/ide/tools/bin/../lib/gcc/arm-none-eabi/7.2.1/../../../../arm-none-eabi/lib/thumb/v7-m\libcr_c.a(_fdopen.o)
 .comment       0x0000007e       0x7f c:/nxp/mcuxpressoide_10.2.1_795/ide/tools/bin/../lib/gcc/arm-none-eabi/7.2.1/../../../../arm-none-eabi/lib/thumb/v7-m\libcr_c.a(_fflush.o)
 .comment       0x0000007e       0x7f c:/nxp/mcuxpressoide_10.2.1_795/ide/tools/bin/../lib/gcc/arm-none-eabi/7.2.1/../../../../arm-none-eabi/lib/thumb/v7-m\libcr_c.a(_frexpl.o)
 .comment       0x0000007e       0x7f c:/nxp/mcuxpressoide_10.2.1_795/ide/tools/bin/../lib/gcc/arm-none-eabi/7.2.1/../../../../arm-none-eabi/lib/thumb/v7-m\libcr_c.a(_hugeval.o)
 .comment       0x0000007e       0x7f c:/nxp/mcuxpressoide_10.2.1_795/ide/tools/bin/../lib/gcc/arm-none-eabi/7.2.1/../../../../arm-none-eabi/lib/thumb/v7-m\libcr_c.a(_ldexpl.o)
 .comment       0x0000007e       0x7f c:/nxp/mcuxpressoide_10.2.1_795/ide/tools/bin/../lib/gcc/arm-none-eabi/7.2.1/../../../../arm-none-eabi/lib/thumb/v7-m\libcr_c.a(_sincos.o)
 .comment       0x0000007e       0x7f c:/nxp/mcuxpressoide_10.2.1_795/ide/tools/bin/../lib/gcc/arm-none-eabi/7.2.1/../../../../arm-none-eabi/lib/thumb/v7-m\libcr_c.a(_writebuf.o)
 .comment       0x0000007e       0x7f c:/nxp/mcuxpressoide_10.2.1_795/ide/tools/bin/../lib/gcc/arm-none-eabi/7.2.1/../../../../arm-none-eabi/lib/thumb/v7-m\libcr_c.a(alloc.o)
 .comment       0x0000007e       0x7f c:/nxp/mcuxpressoide_10.2.1_795/ide/tools/bin/../lib/gcc/arm-none-eabi/7.2.1/../../../../arm-none-eabi/lib/thumb/v7-m\libcr_c.a(errno.o)
 .comment       0x0000007e       0x7f c:/nxp/mcuxpressoide_10.2.1_795/ide/tools/bin/../lib/gcc/arm-none-eabi/7.2.1/../../../../arm-none-eabi/lib/thumb/v7-m\libcr_c.a(fabs.o)
 .comment       0x0000007e       0x7f c:/nxp/mcuxpressoide_10.2.1_795/ide/tools/bin/../lib/gcc/arm-none-eabi/7.2.1/../../../../arm-none-eabi/lib/thumb/v7-m\libcr_c.a(fclose.o)
 .comment       0x0000007e       0x7f c:/nxp/mcuxpressoide_10.2.1_795/ide/tools/bin/../lib/gcc/arm-none-eabi/7.2.1/../../../../arm-none-eabi/lib/thumb/v7-m\libcr_c.a(fflush.o)
 .comment       0x0000007e       0x7f c:/nxp/mcuxpressoide_10.2.1_795/ide/tools/bin/../lib/gcc/arm-none-eabi/7.2.1/../../../../arm-none-eabi/lib/thumb/v7-m\libcr_c.a(frexp.o)
 .comment       0x0000007e       0x7f c:/nxp/mcuxpressoide_10.2.1_795/ide/tools/bin/../lib/gcc/arm-none-eabi/7.2.1/../../../../arm-none-eabi/lib/thumb/v7-m\libcr_c.a(fseek.o)
 .comment       0x0000007e       0x7f c:/nxp/mcuxpressoide_10.2.1_795/ide/tools/bin/../lib/gcc/arm-none-eabi/7.2.1/../../../../arm-none-eabi/lib/thumb/v7-m\libcr_c.a(ftell.o)
 .comment       0x0000007e       0x7f c:/nxp/mcuxpressoide_10.2.1_795/ide/tools/bin/../lib/gcc/arm-none-eabi/7.2.1/../../../../arm-none-eabi/lib/thumb/v7-m\libcr_c.a(ldexp.o)
 .comment       0x0000007e       0x7f c:/nxp/mcuxpressoide_10.2.1_795/ide/tools/bin/../lib/gcc/arm-none-eabi/7.2.1/../../../../arm-none-eabi/lib/thumb/v7-m\libcr_c.a(remove.o)
 .comment       0x0000007e       0x7f c:/nxp/mcuxpressoide_10.2.1_795/ide/tools/bin/../lib/gcc/arm-none-eabi/7.2.1/../../../../arm-none-eabi/lib/thumb/v7-m\libcr_c.a(__init_alloc.o)
 .comment       0x0000007e       0x7f c:/nxp/mcuxpressoide_10.2.1_795/ide/tools/bin/../lib/gcc/arm-none-eabi/7.2.1/../../../../arm-none-eabi/lib/thumb/v7-m\libcr_c.a(_cr_sbrk.o)
 .comment       0x0000007e       0x7f c:/nxp/mcuxpressoide_10.2.1_795/ide/tools/bin/../lib/gcc/arm-none-eabi/7.2.1/../../../../arm-none-eabi/lib/thumb/v7-m\libcr_c.a(_do_fflush.o)
 .comment       0x0000007e       0x7f c:/nxp/mcuxpressoide_10.2.1_795/ide/tools/bin/../lib/gcc/arm-none-eabi/7.2.1/../../../../arm-none-eabi/lib/thumb/v7-m\libcr_c.a(_cr_check_heap.o)
 .comment       0x0000007e       0x7f c:/nxp/mcuxpressoide_10.2.1_795/ide/tools/bin/../lib/gcc/arm-none-eabi/7.2.1/thumb/v7-m\libcr_eabihelpers.a(double.o)
 .comment       0x0000007e       0x7f c:/nxp/mcuxpressoide_10.2.1_795/ide/tools/bin/../lib/gcc/arm-none-eabi/7.2.1/thumb/v7-m\libcr_eabihelpers.a(float.o)
 .comment       0x0000007e       0x7f c:/nxp/mcuxpressoide_10.2.1_795/ide/tools/bin/../lib/gcc/arm-none-eabi/7.2.1/../../../../arm-none-eabi/lib/thumb/v7-m\libcr_semihost.a(__ciob.o)

.ARM.attributes
                0x00000000       0x31
 .ARM.attributes
                0x00000000       0x33 ./src/2d_graphics.o
 .ARM.attributes
                0x00000033       0x33 ./src/3d_conv.o
 .ARM.attributes
                0x00000066       0x33 ./src/3d_graphics.o
 .ARM.attributes
                0x00000099       0x33 ./src/coord.o
 .ARM.attributes
                0x000000cc       0x33 ./src/cr_startup_lpc175x_6x.o
 .ARM.attributes
                0x000000ff       0x33 ./src/crp.o
 .ARM.attributes
                0x00000132       0x33 ./src/lcd_utils.o
 .ARM.attributes
                0x00000165       0x33 ./src/main.o
 .ARM.attributes
                0x00000198       0x33 ./src/ssp.o
 .ARM.attributes
                0x000001cb       0x33 C:\Users\vivek\Documents\MCUXpressoIDE_10.2.1_795\workspace\CMSIS_CORE_LPC17xx\Debug\libCMSIS_CORE_LPC17xx.a(system_LPC17xx.o)
 .ARM.attributes
                0x000001fe       0x33 c:/nxp/mcuxpressoide_10.2.1_795/ide/tools/bin/../lib/gcc/arm-none-eabi/7.2.1/../../../../arm-none-eabi/lib/thumb/v7-m\libcr_semihost.a(_cr__main.o)
 .ARM.attributes
                0x00000231       0x33 c:/nxp/mcuxpressoide_10.2.1_795/ide/tools/bin/../lib/gcc/arm-none-eabi/7.2.1/../../../../arm-none-eabi/lib/thumb/v7-m\libcr_c.a(cos.o)
 .ARM.attributes
                0x00000264       0x33 c:/nxp/mcuxpressoide_10.2.1_795/ide/tools/bin/../lib/gcc/arm-none-eabi/7.2.1/../../../../arm-none-eabi/lib/thumb/v7-m\libcr_c.a(cr_time.o)
 .ARM.attributes
                0x00000297       0x33 c:/nxp/mcuxpressoide_10.2.1_795/ide/tools/bin/../lib/gcc/arm-none-eabi/7.2.1/../../../../arm-none-eabi/lib/thumb/v7-m\libcr_c.a(floor.o)
 .ARM.attributes
                0x000002ca       0x33 c:/nxp/mcuxpressoide_10.2.1_795/ide/tools/bin/../lib/gcc/arm-none-eabi/7.2.1/../../../../arm-none-eabi/lib/thumb/v7-m\libcr_c.a(fpprintf.o)
 .ARM.attributes
                0x000002fd       0x33 c:/nxp/mcuxpressoide_10.2.1_795/ide/tools/bin/../lib/gcc/arm-none-eabi/7.2.1/../../../../arm-none-eabi/lib/thumb/v7-m\libcr_c.a(initio.o)
 .ARM.attributes
                0x00000330       0x33 c:/nxp/mcuxpressoide_10.2.1_795/ide/tools/bin/../lib/gcc/arm-none-eabi/7.2.1/../../../../arm-none-eabi/lib/thumb/v7-m\libcr_c.a(pow.o)
 .ARM.attributes
                0x00000363       0x33 c:/nxp/mcuxpressoide_10.2.1_795/ide/tools/bin/../lib/gcc/arm-none-eabi/7.2.1/../../../../arm-none-eabi/lib/thumb/v7-m\libcr_c.a(printf.o)
 .ARM.attributes
                0x00000396       0x33 c:/nxp/mcuxpressoide_10.2.1_795/ide/tools/bin/../lib/gcc/arm-none-eabi/7.2.1/../../../../arm-none-eabi/lib/thumb/v7-m\libcr_c.a(puts.o)
 .ARM.attributes
                0x000003c9       0x33 c:/nxp/mcuxpressoide_10.2.1_795/ide/tools/bin/../lib/gcc/arm-none-eabi/7.2.1/../../../../arm-none-eabi/lib/thumb/v7-m\libcr_c.a(setvbuf.o)
 .ARM.attributes
                0x000003fc       0x33 c:/nxp/mcuxpressoide_10.2.1_795/ide/tools/bin/../lib/gcc/arm-none-eabi/7.2.1/../../../../arm-none-eabi/lib/thumb/v7-m\libcr_c.a(sin.o)
 .ARM.attributes
                0x0000042f       0x33 c:/nxp/mcuxpressoide_10.2.1_795/ide/tools/bin/../lib/gcc/arm-none-eabi/7.2.1/../../../../arm-none-eabi/lib/thumb/v7-m\libcr_c.a(sqrt.o)
 .ARM.attributes
                0x00000462       0x33 c:/nxp/mcuxpressoide_10.2.1_795/ide/tools/bin/../lib/gcc/arm-none-eabi/7.2.1/../../../../arm-none-eabi/lib/thumb/v7-m\libcr_c.a(stdlib.o)
 .ARM.attributes
                0x00000495       0x33 c:/nxp/mcuxpressoide_10.2.1_795/ide/tools/bin/../lib/gcc/arm-none-eabi/7.2.1/../../../../arm-none-eabi/lib/thumb/v7-m\libcr_c.a(strlen.o)
 .ARM.attributes
                0x000004c8       0x33 c:/nxp/mcuxpressoide_10.2.1_795/ide/tools/bin/../lib/gcc/arm-none-eabi/7.2.1/../../../../arm-none-eabi/lib/thumb/v7-m\libcr_c.a(memset.o)
 .ARM.attributes
                0x000004fb       0x33 c:/nxp/mcuxpressoide_10.2.1_795/ide/tools/bin/../lib/gcc/arm-none-eabi/7.2.1/../../../../arm-none-eabi/lib/thumb/v7-m\libcr_c.a(_deferredlazyseek.o)
 .ARM.attributes
                0x0000052e       0x33 c:/nxp/mcuxpressoide_10.2.1_795/ide/tools/bin/../lib/gcc/arm-none-eabi/7.2.1/../../../../arm-none-eabi/lib/thumb/v7-m\libcr_c.a(_fdopen.o)
 .ARM.attributes
                0x00000561       0x33 c:/nxp/mcuxpressoide_10.2.1_795/ide/tools/bin/../lib/gcc/arm-none-eabi/7.2.1/../../../../arm-none-eabi/lib/thumb/v7-m\libcr_c.a(_fflush.o)
 .ARM.attributes
                0x00000594       0x33 c:/nxp/mcuxpressoide_10.2.1_795/ide/tools/bin/../lib/gcc/arm-none-eabi/7.2.1/../../../../arm-none-eabi/lib/thumb/v7-m\libcr_c.a(_frexpl.o)
 .ARM.attributes
                0x000005c7       0x33 c:/nxp/mcuxpressoide_10.2.1_795/ide/tools/bin/../lib/gcc/arm-none-eabi/7.2.1/../../../../arm-none-eabi/lib/thumb/v7-m\libcr_c.a(_hugeval.o)
 .ARM.attributes
                0x000005fa       0x33 c:/nxp/mcuxpressoide_10.2.1_795/ide/tools/bin/../lib/gcc/arm-none-eabi/7.2.1/../../../../arm-none-eabi/lib/thumb/v7-m\libcr_c.a(_ldexpl.o)
 .ARM.attributes
                0x0000062d       0x33 c:/nxp/mcuxpressoide_10.2.1_795/ide/tools/bin/../lib/gcc/arm-none-eabi/7.2.1/../../../../arm-none-eabi/lib/thumb/v7-m\libcr_c.a(_sincos.o)
 .ARM.attributes
                0x00000660       0x33 c:/nxp/mcuxpressoide_10.2.1_795/ide/tools/bin/../lib/gcc/arm-none-eabi/7.2.1/../../../../arm-none-eabi/lib/thumb/v7-m\libcr_c.a(_writebuf.o)
 .ARM.attributes
                0x00000693       0x33 c:/nxp/mcuxpressoide_10.2.1_795/ide/tools/bin/../lib/gcc/arm-none-eabi/7.2.1/../../../../arm-none-eabi/lib/thumb/v7-m\libcr_c.a(alloc.o)
 .ARM.attributes
                0x000006c6       0x33 c:/nxp/mcuxpressoide_10.2.1_795/ide/tools/bin/../lib/gcc/arm-none-eabi/7.2.1/../../../../arm-none-eabi/lib/thumb/v7-m\libcr_c.a(errno.o)
 .ARM.attributes
                0x000006f9       0x33 c:/nxp/mcuxpressoide_10.2.1_795/ide/tools/bin/../lib/gcc/arm-none-eabi/7.2.1/../../../../arm-none-eabi/lib/thumb/v7-m\libcr_c.a(fabs.o)
 .ARM.attributes
                0x0000072c       0x33 c:/nxp/mcuxpressoide_10.2.1_795/ide/tools/bin/../lib/gcc/arm-none-eabi/7.2.1/../../../../arm-none-eabi/lib/thumb/v7-m\libcr_c.a(fclose.o)
 .ARM.attributes
                0x0000075f       0x33 c:/nxp/mcuxpressoide_10.2.1_795/ide/tools/bin/../lib/gcc/arm-none-eabi/7.2.1/../../../../arm-none-eabi/lib/thumb/v7-m\libcr_c.a(fflush.o)
 .ARM.attributes
                0x00000792       0x33 c:/nxp/mcuxpressoide_10.2.1_795/ide/tools/bin/../lib/gcc/arm-none-eabi/7.2.1/../../../../arm-none-eabi/lib/thumb/v7-m\libcr_c.a(frexp.o)
 .ARM.attributes
                0x000007c5       0x33 c:/nxp/mcuxpressoide_10.2.1_795/ide/tools/bin/../lib/gcc/arm-none-eabi/7.2.1/../../../../arm-none-eabi/lib/thumb/v7-m\libcr_c.a(fseek.o)
 .ARM.attributes
                0x000007f8       0x33 c:/nxp/mcuxpressoide_10.2.1_795/ide/tools/bin/../lib/gcc/arm-none-eabi/7.2.1/../../../../arm-none-eabi/lib/thumb/v7-m\libcr_c.a(ftell.o)
 .ARM.attributes
                0x0000082b       0x33 c:/nxp/mcuxpressoide_10.2.1_795/ide/tools/bin/../lib/gcc/arm-none-eabi/7.2.1/../../../../arm-none-eabi/lib/thumb/v7-m\libcr_c.a(ldexp.o)
 .ARM.attributes
                0x0000085e       0x33 c:/nxp/mcuxpressoide_10.2.1_795/ide/tools/bin/../lib/gcc/arm-none-eabi/7.2.1/../../../../arm-none-eabi/lib/thumb/v7-m\libcr_c.a(remove.o)
 .ARM.attributes
                0x00000891       0x33 c:/nxp/mcuxpressoide_10.2.1_795/ide/tools/bin/../lib/gcc/arm-none-eabi/7.2.1/../../../../arm-none-eabi/lib/thumb/v7-m\libcr_c.a(__init_alloc.o)
 .ARM.attributes
                0x000008c4       0x33 c:/nxp/mcuxpressoide_10.2.1_795/ide/tools/bin/../lib/gcc/arm-none-eabi/7.2.1/../../../../arm-none-eabi/lib/thumb/v7-m\libcr_c.a(_cr_sbrk.o)
 .ARM.attributes
                0x000008f7       0x33 c:/nxp/mcuxpressoide_10.2.1_795/ide/tools/bin/../lib/gcc/arm-none-eabi/7.2.1/../../../../arm-none-eabi/lib/thumb/v7-m\libcr_c.a(_do_fflush.o)
 .ARM.attributes
                0x0000092a       0x33 c:/nxp/mcuxpressoide_10.2.1_795/ide/tools/bin/../lib/gcc/arm-none-eabi/7.2.1/../../../../arm-none-eabi/lib/thumb/v7-m\libcr_c.a(_cr_check_heap.o)
 .ARM.attributes
                0x0000095d       0x33 c:/nxp/mcuxpressoide_10.2.1_795/ide/tools/bin/../lib/gcc/arm-none-eabi/7.2.1/thumb/v7-m\libcr_eabihelpers.a(double.o)
 .ARM.attributes
                0x00000990       0x33 c:/nxp/mcuxpressoide_10.2.1_795/ide/tools/bin/../lib/gcc/arm-none-eabi/7.2.1/thumb/v7-m\libcr_eabihelpers.a(float.o)
 .ARM.attributes
                0x000009c3       0x21 c:/nxp/mcuxpressoide_10.2.1_795/ide/tools/bin/../lib/gcc/arm-none-eabi/7.2.1/thumb/v7-m\libcr_eabihelpers.a(memcpy.o)
 .ARM.attributes
                0x000009e4       0x33 c:/nxp/mcuxpressoide_10.2.1_795/ide/tools/bin/../lib/gcc/arm-none-eabi/7.2.1/../../../../arm-none-eabi/lib/thumb/v7-m\libcr_semihost.a(__ciob.o)
 .ARM.attributes
                0x00000a17       0x21 c:/nxp/mcuxpressoide_10.2.1_795/ide/tools/bin/../lib/gcc/arm-none-eabi/7.2.1/../../../../arm-none-eabi/lib/thumb/v7-m\libcr_semihost.a(__sys_appexit.o)
 .ARM.attributes
                0x00000a38       0x21 c:/nxp/mcuxpressoide_10.2.1_795/ide/tools/bin/../lib/gcc/arm-none-eabi/7.2.1/../../../../arm-none-eabi/lib/thumb/v7-m\libcr_semihost.a(__sys_close.o)
 .ARM.attributes
                0x00000a59       0x21 c:/nxp/mcuxpressoide_10.2.1_795/ide/tools/bin/../lib/gcc/arm-none-eabi/7.2.1/../../../../arm-none-eabi/lib/thumb/v7-m\libcr_semihost.a(__sys_flen.o)
 .ARM.attributes
                0x00000a7a       0x21 c:/nxp/mcuxpressoide_10.2.1_795/ide/tools/bin/../lib/gcc/arm-none-eabi/7.2.1/../../../../arm-none-eabi/lib/thumb/v7-m\libcr_semihost.a(__sys_istty.o)
 .ARM.attributes
                0x00000a9b       0x21 c:/nxp/mcuxpressoide_10.2.1_795/ide/tools/bin/../lib/gcc/arm-none-eabi/7.2.1/../../../../arm-none-eabi/lib/thumb/v7-m\libcr_semihost.a(__sys_remove.o)
 .ARM.attributes
                0x00000abc       0x21 c:/nxp/mcuxpressoide_10.2.1_795/ide/tools/bin/../lib/gcc/arm-none-eabi/7.2.1/../../../../arm-none-eabi/lib/thumb/v7-m\libcr_semihost.a(__sys_seek.o)
 .ARM.attributes
                0x00000add       0x21 c:/nxp/mcuxpressoide_10.2.1_795/ide/tools/bin/../lib/gcc/arm-none-eabi/7.2.1/../../../../arm-none-eabi/lib/thumb/v7-m\libcr_semihost.a(__sys_time.o)
 .ARM.attributes
                0x00000afe       0x21 c:/nxp/mcuxpressoide_10.2.1_795/ide/tools/bin/../lib/gcc/arm-none-eabi/7.2.1/../../../../arm-none-eabi/lib/thumb/v7-m\libcr_semihost.a(__sys_tmpnam.o)
 .ARM.attributes
                0x00000b1f       0x21 c:/nxp/mcuxpressoide_10.2.1_795/ide/tools/bin/../lib/gcc/arm-none-eabi/7.2.1/../../../../arm-none-eabi/lib/thumb/v7-m\libcr_semihost.a(__sys_write.o)

.debug_frame    0x00000000      0x810
 .debug_frame   0x00000000       0xe8 ./src/2d_graphics.o
 .debug_frame   0x000000e8       0x88 ./src/3d_conv.o
 .debug_frame   0x00000170      0x120 ./src/3d_graphics.o
 .debug_frame   0x00000290       0x38 ./src/coord.o
 .debug_frame   0x000002c8      0x170 ./src/cr_startup_lpc175x_6x.o
 .debug_frame   0x00000438      0x1d4 ./src/lcd_utils.o
 .debug_frame   0x0000060c       0x58 ./src/main.o
 .debug_frame   0x00000664      0x170 ./src/ssp.o
 .debug_frame   0x000007d4       0x3c C:\Users\vivek\Documents\MCUXpressoIDE_10.2.1_795\workspace\CMSIS_CORE_LPC17xx\Debug\libCMSIS_CORE_LPC17xx.a(system_LPC17xx.o)
